******************************************************************************
             TMS320C2000 Linker PC v22.6.1                     
******************************************************************************
>> Linked Tue Oct 24 16:24:15 2023

OUTPUT FILE NAME:   <epwm_ecap_lp_f2837xd.out>
ENTRY POINT SYMBOL: "code_start"  address: 00000000


MEMORY CONFIGURATION

         name            origin    length      used     unused   attr    fill
----------------------  --------  ---------  --------  --------  ----  --------
PAGE 0:
  BEGIN                 00000000   00000002  00000002  00000000  RWIX
  RAMM0                 00000123   000002dd  00000022  000002bb  RWIX
  RAMLS0                00008000   00000800  00000000  00000800  RWIX
  RAMLS1                00008800   00000800  00000000  00000800  RWIX
  RAMLS2                00009000   00000800  00000000  00000800  RWIX
  RAMLS3                00009800   00000800  00000000  00000800  RWIX
  RAMLS4                0000a000   00000800  00000000  00000800  RWIX
  RAMD0                 0000b000   00000800  00000000  00000800  RWIX
  FLASHA                00080002   00001ffe  00000000  00001ffe  RWIX
  FLASHB                00082000   00002000  00000000  00002000  RWIX
  FLASHC                00084000   00002000  00000000  00002000  RWIX
  FLASHD                00086000   00002000  00000000  00002000  RWIX
  FLASHE                00088000   00008000  00000000  00008000  RWIX
  FLASHF                00090000   00008000  00000000  00008000  RWIX
  FLASHG                00098000   00008000  00000000  00008000  RWIX
  FLASHH                000a0000   00008000  00000000  00008000  RWIX
  FLASHI                000a8000   00008000  00000000  00008000  RWIX
  FLASHJ                000b0000   00008000  00000000  00008000  RWIX
  FLASHK                000b8000   00002000  00000000  00002000  RWIX
  FLASHL                000ba000   00002000  00000000  00002000  RWIX
  FLASHM                000bc000   00002000  00000000  00002000  RWIX
  FLASHN                000be000   00001ff0  00000000  00001ff0  RWIX
  RESET                 003fffc0   00000002  00000000  00000002  RWIX

PAGE 1:
  BOOT_RSVD             00000002   00000121  00000000  00000121  RWIX
  RAMM1                 00000400   000003f8  00000100  000002f8  RWIX
  RAMLS5                0000a800   00000800  000004c1  0000033f  RWIX
  RAMD1                 0000b800   00000800  00000000  00000800  RWIX
  RAMGS0                0000c000   00001000  00000000  00001000  RWIX
  RAMGS1                0000d000   00001000  00000000  00001000  RWIX
  RAMGS2                0000e000   00001000  00000000  00001000  RWIX
  RAMGS3                0000f000   00001000  00001000  00000000  RWIX
  RAMGS4                00010000   00001000  000008e5  0000071b  RWIX
  RAMGS5                00011000   00001000  00000000  00001000  RWIX
  RAMGS6                00012000   00001000  00000000  00001000  RWIX
  RAMGS7                00013000   00001000  00000000  00001000  RWIX
  RAMGS8                00014000   00001000  00000000  00001000  RWIX
  RAMGS9                00015000   00001000  00000000  00001000  RWIX
  RAMGS10               00016000   00001000  00000000  00001000  RWIX
  RAMGS11               00017000   00001000  00000000  00001000  RWIX
  RAMGS12               00018000   00001000  00000000  00001000  RWIX
  RAMGS13               00019000   00001000  00000000  00001000  RWIX
  RAMGS14               0001a000   00001000  00000000  00001000  RWIX
  RAMGS15               0001b000   00000ff8  00000000  00000ff8  RWIX
  CPU2TOCPU1RAM         0003f800   00000400  00000000  00000400  RWIX
  CPU1TOCPU2RAM         0003fc00   00000400  00000000  00000400  RWIX
  CANA_MSG_RAM          00049000   00000800  00000000  00000800  RWIX
  CANB_MSG_RAM          0004b000   00000800  00000000  00000800  RWIX


SECTION ALLOCATION MAP

 output                                  attributes/
section   page    origin      length       input sections
--------  ----  ----------  ----------   ----------------
codestart 
*          0    00000000    00000002     
                  00000000    00000002     F2837xD_CodeStartBranch.obj (codestart)

.cinit     0    00000128    0000001e     
                  00000128    0000000c     (.cinit..data.load) [load image, compression = lzss]
                  00000134    00000006     (__TI_handler_table)
                  0000013a    00000004     (.cinit..bss.load) [load image, compression = zero_init]
                  0000013e    00000008     (__TI_cinit_table)

.reset     0    003fffc0    00000000     DSECT

.stack     1    00000400    00000100     UNINITIALIZED
                  00000400    00000100     --HOLE--

.bss       1    0000ac6e    0000003e     UNINITIALIZED
                  0000ac6e    00000032     lab_main.obj (.bss:AdcBuf)
                  0000aca0    0000000c     lab_main.obj (.bss)

.init_array 
*          0    00000123    00000000     UNINITIALIZED

.const     1    0000a800    0000046d     
                  0000a800    00000110     board.obj (.const:.string)
                  0000a910    00000110     lab_main.obj (.const:.string)
                  0000aa20    000000c2     driverlib_eabi.lib : sysctl.obj (.const:.string)
                  0000aae2    000000bc                        : gpio.obj (.const:.string)
                  0000ab9e    0000005e                        : ecap.obj (.const:.string)
                  0000abfc    0000005d                        : adc.obj (.const:.string)
                  0000ac59    00000001     --HOLE-- [fill = 0]
                  0000ac5a    00000013     device.obj (.const:.string)

.data      1    0000acac    00000016     UNINITIALIZED
                  0000acac    00000006     device.obj (.data)
                  0000acb2    00000006     lab_main.obj (.data)
                  0000acb8    00000006     rts2800_fpu32_eabi.lib : exit.c.obj (.data)
                  0000acbe    00000002                            : _lock.c.obj (.data:_lock)
                  0000acc0    00000002                            : _lock.c.obj (.data:_unlock)

.TI.ramfunc 
*          0    00000123    00000004     
                  00000123    00000004     driverlib_eabi.lib : sysctl.obj (.TI.ramfunc)

GETBUFFER 
*          0    0003f800    00000000     DSECT

GETWRITEIDX 
*          0    0003f800    00000000     DSECT

PUTREADIDX 
*          0    0003f800    00000000     DSECT

.text.1    1    0000f000    00001000     
                  0000f000    000008f0     board.obj (.text)
                  0000f8f0    000003fa     device.obj (.text)
                  0000fcea    00000206     driverlib_eabi.lib : sysctl.obj (.text:SysCtl_setClock)
                  0000fef0    000000de     lab_main.obj (.text:retain)
                  0000ffce    00000031     driverlib_eabi.lib : gpio.obj (.text:GPIO_setDirectionMode)
                  0000ffff    00000001     rts2800_fpu32_eabi.lib : startup.c.obj (.text)

.text.2    1    00010000    000008e5     
                  00010000    000001cd     lab_main.obj (.text)
                  000101cd    0000008a     driverlib_eabi.lib : sysctl.obj (.text:SysCtl_selectXTAL)
                  00010257    00000088     rts2800_fpu32_eabi.lib : fs_div28.asm.obj (.text)
                  000102df    0000006f     driverlib_eabi.lib : adc.obj (.text:ADC_setINLTrim)
                  0001034e    00000068                        : sysctl.obj (.text:SysCtl_getDeviceParametric)
                  000103b6    00000060                        : adc.obj (.text:ADC_setOffsetTrim)
                  00010416    00000052                        : gpio.obj (.text:GPIO_setPadConfig)
                  00010468    00000051                        : sysctl.obj (.text:SysCtl_getClock)
                  000104b9    00000048                        : sysctl.obj (.text:SysCtl_selectOscSource)
                  00010501    0000003d                        : interrupt.obj (.text:Interrupt_initModule)
                  0001053e    00000037                        : gpio.obj (.text:GPIO_setControllerCore)
                  00010575    00000037                        : gpio.obj (.text:GPIO_setPinConfig)
                  000105ac    00000037                        : gpio.obj (.text:GPIO_setQualificationMode)
                  000105e3    00000037                        : interrupt.obj (.text:Interrupt_enable)
                  0001061a    00000030     rts2800_fpu32_eabi.lib : copy_decompress_lzss.c.obj (.text:decompress:lzss)
                  0001064a    0000002f     driverlib_eabi.lib : adc.obj (.text:ADC_setMode)
                  00010679    0000002b     rts2800_fpu32_eabi.lib : autoinit.c.obj (.text:__TI_auto_init_nobinit_nopinit)
                  000106a4    00000029                            : exit.c.obj (.text)
                  000106cd    00000023     driverlib_eabi.lib : ecap.obj (.text:ECAP_isBaseValid)
                  000106f0    00000021                        : sysctl.obj (.text:CPUTimer_selectClockSource)
                  00010711    0000001f                        : sysctl.obj (.text:CPUTimer_getTimerOverflowStatus)
                  00010730    0000001e                        : interrupt.obj (.text:Interrupt_initVectorTable)
                  0001074e    0000001d     rts2800_fpu32_eabi.lib : memcpy.c.obj (.text)
                  0001076b    0000001c     driverlib_eabi.lib : ecap.obj (.text:ECAP_setEmulationMode)
                  00010787    0000001b                        : adc.obj (.text:ADC_isBaseValid)
                  000107a2    0000001a                        : sysctl.obj (.text:CPUTimer_startTimer)
                  000107bc    0000001a                        : sysctl.obj (.text:SysCtl_getLowSpeedClock)
                  000107d6    00000017                        : sysctl.obj (.text:CPUTimer_isBaseValid)
                  000107ed    00000017     rts2800_fpu32_eabi.lib : boot28.asm.obj (.text)
                  00010804    00000014     driverlib_eabi.lib : sysctl.obj (.text:CPUTimer_stopTimer)
                  00010818    00000012                        : sysctl.obj (.text:CPUTimer_clearOverflowFlag)
                  0001082a    00000012                        : sysctl.obj (.text:CPUTimer_disableInterrupt)
                  0001083c    00000011                        : sysctl.obj (.text:CPUTimer_setPeriod)
                  0001084d    0000000f                        : sysctl.obj (.text:SysCtl_pollCpuTimer)
                  0001085c    0000000e                        : gpio.obj (.text:GPIO_isPinValid)
                  0001086a    0000000e                        : interrupt.obj (.text:Interrupt_defaultHandler)
                  00010878    0000000d                        : interrupt.obj (.text:Interrupt_disableGlobal)
                  00010885    0000000d                        : interrupt.obj (.text:Interrupt_enableGlobal)
                  00010892    0000000d     rts2800_fpu32_eabi.lib : copy_zero_init.c.obj (.text:decompress:ZI:__TI_zero_init_nomemset)
                  0001089f    0000000c                            : args_main.c.obj (.text)
                  000108ab    0000000b     driverlib_eabi.lib : sysctl.obj (.text:SysCtl_isMCDClockFailureDetected)
                  000108b6    00000009                        : sysctl.obj (.text:SysCtl_serviceWatchdog)
                  000108bf    00000009     rts2800_fpu32_eabi.lib : _lock.c.obj (.text)
                  000108c8    00000008     F2837xD_CodeStartBranch.obj (.text)
                  000108d0    00000008     rts2800_fpu32_eabi.lib : copy_decompress_none.c.obj (.text:decompress:none)
                  000108d8    00000007     driverlib_eabi.lib : sysctl.obj (.text:SysCtl_resetMCD)
                  000108df    00000002                        : interrupt.obj (.text:Interrupt_illegalOperationHandler)
                  000108e1    00000002                        : interrupt.obj (.text:Interrupt_nmiHandler)
                  000108e3    00000002     rts2800_fpu32_eabi.lib : pre_init.c.obj (.text)

MODULE SUMMARY

       Module                        code   ro data   rw data
       ------                        ----   -------   -------
    .\
       lab_main.obj                  683    272       68     
    +--+-----------------------------+------+---------+---------+
       Total:                        683    272       68     
                                                             
    .\device\
       device.obj                    1018   19        6      
       F2837xD_CodeStartBranch.obj   10     0         0      
    +--+-----------------------------+------+---------+---------+
       Total:                        1028   19        6      
                                                             
    .\syscfg\
       board.obj                     2288   272       0      
    +--+-----------------------------+------+---------+---------+
       Total:                        2288   272       0      
                                                             
    C:\ti\c2000\C2000Ware_5_00_00_00\driverlib\f2837xd\driverlib\ccs\Debug\driverlib_eabi.lib
       sysctl.obj                    1171   194       0      
       gpio.obj                      310    188       0      
       adc.obj                       281    93        0      
       interrupt.obj                 190    0         0      
       ecap.obj                      63     94        0      
    +--+-----------------------------+------+---------+---------+
       Total:                        2015   569       0      
                                                             
    C:\ti\ccs1250\ccs\tools\compiler\ti-cgt-c2000_22.6.1.LTS\lib\rts2800_fpu32_eabi.lib
       fs_div28.asm.obj              136    0         0      
       copy_decompress_lzss.c.obj    48     0         0      
       exit.c.obj                    41     0         6      
       autoinit.c.obj                43     0         0      
       memcpy.c.obj                  29     0         0      
       boot28.asm.obj                23     0         0      
       _lock.c.obj                   9      0         4      
       copy_zero_init.c.obj          13     0         0      
       args_main.c.obj               12     0         0      
       copy_decompress_none.c.obj    8      0         0      
       pre_init.c.obj                2      0         0      
       startup.c.obj                 1      0         0      
    +--+-----------------------------+------+---------+---------+
       Total:                        365    0         10     
                                                             
       Stack:                        0      0         256    
       Linker Generated:             0      30        0      
    +--+-----------------------------+------+---------+---------+
       Grand Total:                  6379   1162      340    


LINKER GENERATED COPY TABLES

__TI_cinit_table @ 0000013e records: 2, size/record: 4, table size: 8
	.data: load addr=00000128, load size=0000000c bytes, run addr=0000acac, run size=00000016 bytes, compression=lzss
	.bss: load addr=0000013a, load size=00000004 bytes, run addr=0000ac6e, run size=0000003e bytes, compression=zero_init


LINKER GENERATED HANDLER TABLE

__TI_handler_table @ 00000134 records: 3, size/record: 2, table size: 6
	index: 0, handler: __TI_zero_init
	index: 1, handler: __TI_decompress_lzss
	index: 2, handler: __TI_decompress_none


GLOBAL DATA SYMBOLS: SORTED BY DATA PAGE

address     data page           name
--------    ----------------    ----
00000400      10 (00000400)     __stack

0000ac6e     2b1 (0000ac40)     AdcBuf

0000aca0     2b2 (0000ac80)     ePwm_TimeBase
0000aca2     2b2 (0000ac80)     ePwm_MinDuty
0000aca4     2b2 (0000ac80)     ePwm_MaxDuty
0000aca6     2b2 (0000ac80)     ePwm_curDuty
0000aca8     2b2 (0000ac80)     eCapPwmDuty
0000acaa     2b2 (0000ac80)     eCapPwmPeriod
0000acac     2b2 (0000ac80)     Example_Result
0000acae     2b2 (0000ac80)     Example_PassCount
0000acb0     2b2 (0000ac80)     Example_Fail
0000acb2     2b2 (0000ac80)     LedCtr
0000acb3     2b2 (0000ac80)     DutyModOn
0000acb4     2b2 (0000ac80)     DutyModDir
0000acb5     2b2 (0000ac80)     DutyModCtr
0000acb6     2b2 (0000ac80)     AdcBufPtr
0000acb8     2b2 (0000ac80)     __TI_enable_exit_profile_output
0000acba     2b2 (0000ac80)     __TI_cleanup_ptr
0000acbc     2b2 (0000ac80)     __TI_dtors_ptr
0000acbe     2b2 (0000ac80)     _lock

0000acc0     2b3 (0000acc0)     _unlock


GLOBAL SYMBOLS: SORTED ALPHABETICALLY BY Name 

page  address   name                                     
----  -------   ----                                     
1     0000f674  ADC_init                                 
1     000102df  ADC_setINLTrim                           
1     0001064a  ADC_setMode                              
1     000103b6  ADC_setOffsetTrim                        
1     0000ac6e  AdcBuf                                   
1     0000acb6  AdcBufPtr                                
1     0000f623  Board_init                               
1     000106a4  C$$EXIT                                  
1     0000fb5e  Device_bootCPU2                          
1     0000fb2d  Device_configureTMXAnalogTrim            
1     0000f9db  Device_enableAllPeripherals              
1     0000fb17  Device_enableUnbondedGPIOPullups         
1     0000fafa  Device_enableUnbondedGPIOPullupsFor100Pin
1     0000fae7  Device_enableUnbondedGPIOPullupsFor176Pin
1     0000f99b  Device_init                              
1     0000fac6  Device_initGPIO                          
1     0000acb5  DutyModCtr                               
1     0000acb4  DutyModDir                               
1     0000acb3  DutyModOn                                
1     0000f6bf  ECAP_init                                
1     0001076b  ECAP_setEmulationMode                    
1     0000f737  EPWM_init                                
1     0000acb0  Example_Fail                             
1     0000acae  Example_PassCount                        
1     0000acac  Example_Result                           
1     0000fce9  Example_done                             
1     0000fce4  Example_setResultFail                    
1     0000fcdf  Example_setResultPass                    
1     0000f89a  GPIO_init                                
1     0001053e  GPIO_setControllerCore                   
1     0000ffce  GPIO_setDirectionMode                    
1     00010416  GPIO_setPadConfig                        
1     00010575  GPIO_setPinConfig                        
1     000105ac  GPIO_setQualificationMode                
1     0000f8b1  INPUTXBAR_init                           
1     0000f8b9  INTERRUPT_init                           
1     000105e3  Interrupt_enable                         
1     00010501  Interrupt_initModule                     
1     00010730  Interrupt_initVectorTable                
1     0000acb2  LedCtr                                   
1     0000f636  PinMux_init                              
1     0000f8d2  SYNC_init                                
0     00000123  SysCtl_delay                             
1     00010468  SysCtl_getClock                          
1     0001034e  SysCtl_getDeviceParametric               
1     000107bc  SysCtl_getLowSpeedClock                  
1     000104b9  SysCtl_selectOscSource                   
1     000101cd  SysCtl_selectXTAL                        
1     0000fcea  SysCtl_setClock                          
0     0000013e  __TI_CINIT_Base                          
0     00000146  __TI_CINIT_Limit                         
0     00000146  __TI_CINIT_Warm                          
0     00000134  __TI_Handler_Table_Base                  
0     0000013a  __TI_Handler_Table_Limit                 
1     00000500  __TI_STACK_END                           
abs   00000100  __TI_STACK_SIZE                          
1     00010679  __TI_auto_init_nobinit_nopinit           
1     0000acba  __TI_cleanup_ptr                         
1     0001061a  __TI_decompress_lzss                     
1     000108d0  __TI_decompress_none                     
1     0000acbc  __TI_dtors_ptr                           
1     0000acb8  __TI_enable_exit_profile_output          
abs   ffffffff  __TI_pprof_out_hndl                      
abs   ffffffff  __TI_prof_data_size                      
abs   ffffffff  __TI_prof_data_start                     
1     00010892  __TI_zero_init_nomemset                  
1     00010257  __c28xabi_divf                           
n/a   UNDEFED   __c_args__                               
1     0000fcd8  __error__                                
1     00000400  __stack                                  
1     0001089f  _args_main                               
1     000107ed  _c_int00                                 
1     0000acbe  _lock                                    
1     000108c7  _nop                                     
1     000108c3  _register_lock                           
1     000108bf  _register_unlock                         
1     0000ffff  _system_post_cinit                       
1     000108e3  _system_pre_init                         
1     0000acc0  _unlock                                  
1     000106a4  abort                                    
1     0000fef0  adcA1ISR                                 
0     00000000  code_start                               
1     0000aca8  eCapPwmDuty                              
1     0000acaa  eCapPwmPeriod                            
1     0000aca4  ePwm_MaxDuty                             
1     0000aca2  ePwm_MinDuty                             
1     0000aca0  ePwm_TimeBase                            
1     0000aca6  ePwm_curDuty                             
1     0000ff74  ecap1ISR                                 
1     000106a6  exit                                     
1     00010194  main                                     
1     0001074e  memcpy                                   
1     0000f677  myADC0_init                              
1     0000f89d  myBoardLED0_GPIO_init                    
1     0000f6c2  myECAP0_init                             
1     0000f8b4  myINPUTXBARINPUT0_init                   


GLOBAL SYMBOLS: SORTED BY Symbol Address 

page  address   name                                     
----  -------   ----                                     
0     00000000  code_start                               
0     00000123  SysCtl_delay                             
0     00000134  __TI_Handler_Table_Base                  
0     0000013a  __TI_Handler_Table_Limit                 
0     0000013e  __TI_CINIT_Base                          
0     00000146  __TI_CINIT_Limit                         
0     00000146  __TI_CINIT_Warm                          
1     00000400  __stack                                  
1     00000500  __TI_STACK_END                           
1     0000ac6e  AdcBuf                                   
1     0000aca0  ePwm_TimeBase                            
1     0000aca2  ePwm_MinDuty                             
1     0000aca4  ePwm_MaxDuty                             
1     0000aca6  ePwm_curDuty                             
1     0000aca8  eCapPwmDuty                              
1     0000acaa  eCapPwmPeriod                            
1     0000acac  Example_Result                           
1     0000acae  Example_PassCount                        
1     0000acb0  Example_Fail                             
1     0000acb2  LedCtr                                   
1     0000acb3  DutyModOn                                
1     0000acb4  DutyModDir                               
1     0000acb5  DutyModCtr                               
1     0000acb6  AdcBufPtr                                
1     0000acb8  __TI_enable_exit_profile_output          
1     0000acba  __TI_cleanup_ptr                         
1     0000acbc  __TI_dtors_ptr                           
1     0000acbe  _lock                                    
1     0000acc0  _unlock                                  
1     0000f623  Board_init                               
1     0000f636  PinMux_init                              
1     0000f674  ADC_init                                 
1     0000f677  myADC0_init                              
1     0000f6bf  ECAP_init                                
1     0000f6c2  myECAP0_init                             
1     0000f737  EPWM_init                                
1     0000f89a  GPIO_init                                
1     0000f89d  myBoardLED0_GPIO_init                    
1     0000f8b1  INPUTXBAR_init                           
1     0000f8b4  myINPUTXBARINPUT0_init                   
1     0000f8b9  INTERRUPT_init                           
1     0000f8d2  SYNC_init                                
1     0000f99b  Device_init                              
1     0000f9db  Device_enableAllPeripherals              
1     0000fac6  Device_initGPIO                          
1     0000fae7  Device_enableUnbondedGPIOPullupsFor176Pin
1     0000fafa  Device_enableUnbondedGPIOPullupsFor100Pin
1     0000fb17  Device_enableUnbondedGPIOPullups         
1     0000fb2d  Device_configureTMXAnalogTrim            
1     0000fb5e  Device_bootCPU2                          
1     0000fcd8  __error__                                
1     0000fcdf  Example_setResultPass                    
1     0000fce4  Example_setResultFail                    
1     0000fce9  Example_done                             
1     0000fcea  SysCtl_setClock                          
1     0000fef0  adcA1ISR                                 
1     0000ff74  ecap1ISR                                 
1     0000ffce  GPIO_setDirectionMode                    
1     0000ffff  _system_post_cinit                       
1     00010194  main                                     
1     000101cd  SysCtl_selectXTAL                        
1     00010257  __c28xabi_divf                           
1     000102df  ADC_setINLTrim                           
1     0001034e  SysCtl_getDeviceParametric               
1     000103b6  ADC_setOffsetTrim                        
1     00010416  GPIO_setPadConfig                        
1     00010468  SysCtl_getClock                          
1     000104b9  SysCtl_selectOscSource                   
1     00010501  Interrupt_initModule                     
1     0001053e  GPIO_setControllerCore                   
1     00010575  GPIO_setPinConfig                        
1     000105ac  GPIO_setQualificationMode                
1     000105e3  Interrupt_enable                         
1     0001061a  __TI_decompress_lzss                     
1     0001064a  ADC_setMode                              
1     00010679  __TI_auto_init_nobinit_nopinit           
1     000106a4  C$$EXIT                                  
1     000106a4  abort                                    
1     000106a6  exit                                     
1     00010730  Interrupt_initVectorTable                
1     0001074e  memcpy                                   
1     0001076b  ECAP_setEmulationMode                    
1     000107bc  SysCtl_getLowSpeedClock                  
1     000107ed  _c_int00                                 
1     00010892  __TI_zero_init_nomemset                  
1     0001089f  _args_main                               
1     000108bf  _register_unlock                         
1     000108c3  _register_lock                           
1     000108c7  _nop                                     
1     000108d0  __TI_decompress_none                     
1     000108e3  _system_pre_init                         
abs   00000100  __TI_STACK_SIZE                          
abs   ffffffff  __TI_pprof_out_hndl                      
abs   ffffffff  __TI_prof_data_size                      
abs   ffffffff  __TI_prof_data_start                     
n/a   UNDEFED   __c_args__                               

[96 symbols]
