******************************************************************************
             TMS320C2000 Linker PC v22.6.1                     
******************************************************************************
>> Linked Wed Oct 18 16:14:21 2023

OUTPUT FILE NAME:   <lab_lp_f2837xd.out>
ENTRY POINT SYMBOL: "code_start"  address: 00000000


MEMORY CONFIGURATION

         name            origin    length      used     unused   attr    fill
----------------------  --------  ---------  --------  --------  ----  --------
PAGE 0:
  BEGIN                 00000000   00000002  00000002  00000000  RWIX
  RAMM0                 00000123   000002dd  00000010  000002cd  RWIX
  RAMLS0                00008000   00000800  00000000  00000800  RWIX
  RAMLS1                00008800   00000800  00000000  00000800  RWIX
  RAMLS2                00009000   00000800  00000000  00000800  RWIX
  RAMLS3                00009800   00000800  00000000  00000800  RWIX
  RAMLS4                0000a000   00000800  00000000  00000800  RWIX
  RAMD0                 0000b000   00000800  00000000  00000800  RWIX
  FLASHA                00080002   00001ffe  00000000  00001ffe  RWIX
  FLASHB                00082000   00002000  00000000  00002000  RWIX
  FLASHC                00084000   00002000  00000000  00002000  RWIX
  FLASHD                00086000   00002000  00000000  00002000  RWIX
  FLASHE                00088000   00008000  00000000  00008000  RWIX
  FLASHF                00090000   00008000  00000000  00008000  RWIX
  FLASHG                00098000   00008000  00000000  00008000  RWIX
  FLASHH                000a0000   00008000  00000000  00008000  RWIX
  FLASHI                000a8000   00008000  00000000  00008000  RWIX
  FLASHJ                000b0000   00008000  00000000  00008000  RWIX
  FLASHK                000b8000   00002000  00000000  00002000  RWIX
  FLASHL                000ba000   00002000  00000000  00002000  RWIX
  FLASHM                000bc000   00002000  00000000  00002000  RWIX
  FLASHN                000be000   00001ff0  00000000  00001ff0  RWIX
  RESET                 003fffc0   00000002  00000000  00000002  RWIX

PAGE 1:
  BOOT_RSVD             00000002   00000121  00000000  00000121  RWIX
  RAMM1                 00000400   000003f8  00000200  000001f8  RWIX
  RAMLS5                0000a800   00000800  0000000a  000007f6  RWIX
  RAMD1                 0000b800   00000800  00000000  00000800  RWIX
  RAMGS0                0000c000   00001000  00000000  00001000  RWIX
  RAMGS1                0000d000   00001000  00000000  00001000  RWIX
  RAMGS2                0000e000   00001000  00000000  00001000  RWIX
  RAMGS3                0000f000   00001000  000000e1  00000f1f  RWIX
  RAMGS4                00010000   00001000  00000000  00001000  RWIX
  RAMGS5                00011000   00001000  00000000  00001000  RWIX
  RAMGS6                00012000   00001000  00000000  00001000  RWIX
  RAMGS7                00013000   00001000  00000000  00001000  RWIX
  RAMGS8                00014000   00001000  00000000  00001000  RWIX
  RAMGS9                00015000   00001000  00000000  00001000  RWIX
  RAMGS10               00016000   00001000  00000000  00001000  RWIX
  RAMGS11               00017000   00001000  00000000  00001000  RWIX
  RAMGS12               00018000   00001000  00000000  00001000  RWIX
  RAMGS13               00019000   00001000  00000000  00001000  RWIX
  RAMGS14               0001a000   00001000  00000000  00001000  RWIX
  RAMGS15               0001b000   00000ff8  00000000  00000ff8  RWIX
  CPU2TOCPU1RAM         0003f800   00000400  00000000  00000400  RWIX
  CPU1TOCPU2RAM         0003fc00   00000400  00000000  00000400  RWIX
  CANA_MSG_RAM          00049000   00000800  00000000  00000800  RWIX
  CANB_MSG_RAM          0004b000   00000800  00000000  00000800  RWIX


SECTION ALLOCATION MAP

 output                                  attributes/
section   page    origin      length       input sections
--------  ----  ----------  ----------   ----------------
codestart 
*          0    00000000    00000002     
                  00000000    00000002     F2837xD_CodeStartBranch.obj (codestart)

.cinit     0    00000124    00000010     
                  00000124    00000008     (.cinit..data.load) [load image, compression = lzss]
                  0000012c    00000004     (__TI_handler_table)
                  00000130    00000004     (__TI_cinit_table)

.reset     0    003fffc0    00000000     DSECT

.stack     1    00000400    00000200     UNINITIALIZED
                  00000400    00000200     --HOLE--

.init_array 
*          0    00000123    00000000     UNINITIALIZED

.data      1    0000a800    0000000a     UNINITIALIZED
                  0000a800    00000006     rts2800_fpu32_eabi.lib : exit.c.obj (.data)
                  0000a806    00000002                            : _lock.c.obj (.data:_lock)
                  0000a808    00000002                            : _lock.c.obj (.data:_unlock)

GETBUFFER 
*          0    0003f800    00000000     DSECT

GETWRITEIDX 
*          0    0003f800    00000000     DSECT

PUTREADIDX 
*          0    0003f800    00000000     DSECT

.text      1    0000f000    000000e1     
                  0000f000    00000030     rts2800_fpu32_eabi.lib : copy_decompress_lzss.c.obj (.text:decompress:lzss)
                  0000f030    0000002b                            : autoinit.c.obj (.text:__TI_auto_init_nobinit_nopinit)
                  0000f05b    00000029                            : exit.c.obj (.text)
                  0000f084    0000001d                            : memcpy.c.obj (.text)
                  0000f0a1    00000017                            : boot28.asm.obj (.text)
                  0000f0b8    0000000c                            : args_main.c.obj (.text)
                  0000f0c4    00000009                            : _lock.c.obj (.text)
                  0000f0cd    00000008     F2837xD_CodeStartBranch.obj (.text)
                  0000f0d5    00000008     rts2800_fpu32_eabi.lib : copy_decompress_none.c.obj (.text:decompress:none)
                  0000f0dd    00000002                            : pre_init.c.obj (.text)
                  0000f0df    00000001     lab_main.obj (.text:main)
                  0000f0e0    00000001     rts2800_fpu32_eabi.lib : startup.c.obj (.text)

MODULE SUMMARY

       Module                        code   ro data   rw data
       ------                        ----   -------   -------
    .\
       lab_main.obj                  1      0         0      
    +--+-----------------------------+------+---------+---------+
       Total:                        1      0         0      
                                                             
    .\device\
       F2837xD_CodeStartBranch.obj   10     0         0      
    +--+-----------------------------+------+---------+---------+
       Total:                        10     0         0      
                                                             
    C:\ti\ccs1250\ccs\tools\compiler\ti-cgt-c2000_22.6.1.LTS\lib\rts2800_fpu32_eabi.lib
       copy_decompress_lzss.c.obj    48     0         0      
       exit.c.obj                    41     0         6      
       autoinit.c.obj                43     0         0      
       memcpy.c.obj                  29     0         0      
       boot28.asm.obj                23     0         0      
       _lock.c.obj                   9      0         4      
       args_main.c.obj               12     0         0      
       copy_decompress_none.c.obj    8      0         0      
       pre_init.c.obj                2      0         0      
       startup.c.obj                 1      0         0      
    +--+-----------------------------+------+---------+---------+
       Total:                        216    0         10     
                                                             
       Stack:                        0      0         512    
       Linker Generated:             0      16        0      
    +--+-----------------------------+------+---------+---------+
       Grand Total:                  227    16        522    


LINKER GENERATED COPY TABLES

__TI_cinit_table @ 00000130 records: 1, size/record: 4, table size: 4
	.data: load addr=00000124, load size=00000008 bytes, run addr=0000a800, run size=0000000a bytes, compression=lzss


LINKER GENERATED HANDLER TABLE

__TI_handler_table @ 0000012c records: 2, size/record: 2, table size: 4
	index: 0, handler: __TI_decompress_lzss
	index: 1, handler: __TI_decompress_none


GLOBAL DATA SYMBOLS: SORTED BY DATA PAGE

address     data page           name
--------    ----------------    ----
00000400      10 (00000400)     __stack

0000a800     2a0 (0000a800)     __TI_enable_exit_profile_output
0000a802     2a0 (0000a800)     __TI_cleanup_ptr
0000a804     2a0 (0000a800)     __TI_dtors_ptr
0000a806     2a0 (0000a800)     _lock
0000a808     2a0 (0000a800)     _unlock


GLOBAL SYMBOLS: SORTED ALPHABETICALLY BY Name 

page  address   name                           
----  -------   ----                           
1     0000f05b  C$$EXIT                        
0     00000130  __TI_CINIT_Base                
0     00000134  __TI_CINIT_Limit               
0     00000134  __TI_CINIT_Warm                
0     0000012c  __TI_Handler_Table_Base        
0     00000130  __TI_Handler_Table_Limit       
1     00000600  __TI_STACK_END                 
abs   00000200  __TI_STACK_SIZE                
1     0000f030  __TI_auto_init_nobinit_nopinit 
1     0000a802  __TI_cleanup_ptr               
1     0000f000  __TI_decompress_lzss           
1     0000f0d5  __TI_decompress_none           
1     0000a804  __TI_dtors_ptr                 
1     0000a800  __TI_enable_exit_profile_output
abs   ffffffff  __TI_pprof_out_hndl            
abs   ffffffff  __TI_prof_data_size            
abs   ffffffff  __TI_prof_data_start           
n/a   UNDEFED   __c_args__                     
1     00000400  __stack                        
1     0000f0b8  _args_main                     
1     0000f0a1  _c_int00                       
1     0000a806  _lock                          
1     0000f0cc  _nop                           
1     0000f0c8  _register_lock                 
1     0000f0c4  _register_unlock               
1     0000f0e0  _system_post_cinit             
1     0000f0dd  _system_pre_init               
1     0000a808  _unlock                        
1     0000f05b  abort                          
0     00000000  code_start                     
1     0000f05d  exit                           
1     0000f0df  main                           
1     0000f084  memcpy                         


GLOBAL SYMBOLS: SORTED BY Symbol Address 

page  address   name                           
----  -------   ----                           
0     00000000  code_start                     
0     0000012c  __TI_Handler_Table_Base        
0     00000130  __TI_CINIT_Base                
0     00000130  __TI_Handler_Table_Limit       
0     00000134  __TI_CINIT_Limit               
0     00000134  __TI_CINIT_Warm                
1     00000400  __stack                        
1     00000600  __TI_STACK_END                 
1     0000a800  __TI_enable_exit_profile_output
1     0000a802  __TI_cleanup_ptr               
1     0000a804  __TI_dtors_ptr                 
1     0000a806  _lock                          
1     0000a808  _unlock                        
1     0000f000  __TI_decompress_lzss           
1     0000f030  __TI_auto_init_nobinit_nopinit 
1     0000f05b  C$$EXIT                        
1     0000f05b  abort                          
1     0000f05d  exit                           
1     0000f084  memcpy                         
1     0000f0a1  _c_int00                       
1     0000f0b8  _args_main                     
1     0000f0c4  _register_unlock               
1     0000f0c8  _register_lock                 
1     0000f0cc  _nop                           
1     0000f0d5  __TI_decompress_none           
1     0000f0dd  _system_pre_init               
1     0000f0df  main                           
1     0000f0e0  _system_post_cinit             
abs   00000200  __TI_STACK_SIZE                
abs   ffffffff  __TI_pprof_out_hndl            
abs   ffffffff  __TI_prof_data_size            
abs   ffffffff  __TI_prof_data_start           
n/a   UNDEFED   __c_args__                     

[33 symbols]
