******************************************************************************
             TMS320C2000 Linker PC v22.6.1                     
******************************************************************************
>> Linked Wed Oct 25 15:52:28 2023

OUTPUT FILE NAME:   <adc_ex12_burst_mode_epwm.out>
ENTRY POINT SYMBOL: "code_start"  address: 00000000


MEMORY CONFIGURATION

         name            origin    length      used     unused   attr    fill
----------------------  --------  ---------  --------  --------  ----  --------
PAGE 0:
  BEGIN                 00000000   00000002  00000002  00000000  RWIX
  RAMM0                 00000123   000002dd  00000020  000002bd  RWIX
  RAMLS0                00008000   00000800  00000800  00000000  RWIX
  RAMLS1                00008800   00000800  000001c0  00000640  RWIX
  RAMLS2                00009000   00000800  00000000  00000800  RWIX
  RAMLS3                00009800   00000800  00000000  00000800  RWIX
  RAMLS4                0000a000   00000800  00000000  00000800  RWIX
  RAMD0                 0000b000   00000800  00000800  00000000  RWIX
  FLASHA                00080002   00001ffe  00000000  00001ffe  RWIX
  FLASHB                00082000   00002000  00000000  00002000  RWIX
  FLASHC                00084000   00002000  00000000  00002000  RWIX
  FLASHD                00086000   00002000  00000000  00002000  RWIX
  FLASHE                00088000   00008000  00000000  00008000  RWIX
  FLASHF                00090000   00008000  00000000  00008000  RWIX
  FLASHG                00098000   00008000  00000000  00008000  RWIX
  FLASHH                000a0000   00008000  00000000  00008000  RWIX
  FLASHI                000a8000   00008000  00000000  00008000  RWIX
  FLASHJ                000b0000   00008000  00000000  00008000  RWIX
  FLASHK                000b8000   00002000  00000000  00002000  RWIX
  FLASHL                000ba000   00002000  00000000  00002000  RWIX
  FLASHM                000bc000   00002000  00000000  00002000  RWIX
  FLASHN                000be000   00001ff0  00000000  00001ff0  RWIX
  RESET                 003fffc0   00000002  00000000  00000002  RWIX

PAGE 1:
  BOOT_RSVD             00000002   00000121  00000000  00000121  RWIX
  RAMM1                 00000400   000003f8  000003f8  00000000  RWIX
  RAMLS5                0000a800   00000800  0000028c  00000574  RWIX
  RAMD1                 0000b800   00000800  00000000  00000800  RWIX
  RAMGS0                0000c000   00001000  00000000  00001000  RWIX
  RAMGS1                0000d000   00001000  00000000  00001000  RWIX
  RAMGS2                0000e000   00001000  00000000  00001000  RWIX
  RAMGS3                0000f000   00001000  00000000  00001000  RWIX
  RAMGS4                00010000   00001000  00000000  00001000  RWIX
  RAMGS5                00011000   00001000  00000000  00001000  RWIX
  RAMGS6                00012000   00001000  00000000  00001000  RWIX
  RAMGS7                00013000   00001000  00000000  00001000  RWIX
  RAMGS8                00014000   00001000  00000000  00001000  RWIX
  RAMGS9                00015000   00001000  00000000  00001000  RWIX
  RAMGS10               00016000   00001000  00000000  00001000  RWIX
  RAMGS11               00017000   00001000  00000000  00001000  RWIX
  RAMGS12               00018000   00001000  00000000  00001000  RWIX
  RAMGS13               00019000   00001000  00000000  00001000  RWIX
  RAMGS14               0001a000   00001000  00000000  00001000  RWIX
  RAMGS15               0001b000   00000ff8  00000000  00000ff8  RWIX
  CPU2TOCPU1RAM         0003f800   00000400  00000000  00000400  RWIX
  CPU1TOCPU2RAM         0003fc00   00000400  00000000  00000400  RWIX
  CANA_MSG_RAM          00049000   00000800  00000000  00000800  RWIX
  CANB_MSG_RAM          0004b000   00000800  00000000  00000800  RWIX


SECTION ALLOCATION MAP

 output                                  attributes/
section   page    origin      length       input sections
--------  ----  ----------  ----------   ----------------
codestart 
*          0    00000000    00000002     
                  00000000    00000002     F2837xD_CodeStartBranch.obj (codestart)

.cinit     0    00000128    0000001c     
                  00000128    00000009     (.cinit..data.load) [load image, compression = lzss]
                  00000131    00000001     --HOLE-- [fill = 0]
                  00000132    00000006     (__TI_handler_table)
                  00000138    00000004     (.cinit..bss.load) [load image, compression = zero_init]
                  0000013c    00000008     (__TI_cinit_table)

.reset     0    003fffc0    00000000     DSECT

.stack     1    00000400    000003f8     UNINITIALIZED
                  00000400    000003f8     --HOLE--

.bss       1    0000aa88    00000005     UNINITIALIZED
                  0000aa88    00000005     adc_ex12_burst_mode_epwm.obj (.bss)

.init_array 
*          0    00000123    00000000     UNINITIALIZED

.const     1    0000a800    00000277     
                  0000a800    000000c2     driverlib_eabi.lib : sysctl.obj (.const:.string)
                  0000a8c2    000000bc                        : gpio.obj (.const:.string)
                  0000a97e    00000088     adc_ex12_burst_mode_epwm.obj (.const:.string)
                  0000aa06    0000005d     driverlib_eabi.lib : adc.obj (.const:.string)
                  0000aa63    00000001     --HOLE-- [fill = 0]
                  0000aa64    00000013     device.obj (.const:.string)

.data      1    0000aa78    00000010     UNINITIALIZED
                  0000aa78    00000006     device.obj (.data)
                  0000aa7e    00000002     rts2800_fpu32_eabi.lib : _lock.c.obj (.data:_lock)
                  0000aa80    00000006                            : exit.c.obj (.data)
                  0000aa86    00000002                            : _lock.c.obj (.data:_unlock)

.TI.ramfunc 
*          0    00000123    00000004     
                  00000123    00000004     driverlib_eabi.lib : sysctl.obj (.TI.ramfunc)

GETBUFFER 
*          0    0003f800    00000000     DSECT

GETWRITEIDX 
*          0    0003f800    00000000     DSECT

PUTREADIDX 
*          0    0003f800    00000000     DSECT

.text.1    0    00008000    00000800     
                  00008000    000003fc     device.obj (.text)
                  000083fc    00000088     rts2800_fpu32_eabi.lib : fs_div28.asm.obj (.text)
                  00008484    0000006f     driverlib_eabi.lib : adc.obj (.text:ADC_setINLTrim)
                  000084f3    00000060                        : adc.obj (.text:ADC_setOffsetTrim)
                  00008553    00000051                        : sysctl.obj (.text:SysCtl_getClock)
                  000085a4    00000048                        : sysctl.obj (.text:SysCtl_selectOscSource)
                  000085ec    0000003d                        : interrupt.obj (.text:Interrupt_initModule)
                  00008629    00000037                        : gpio.obj (.text:GPIO_setControllerCore)
                  00008660    00000037                        : gpio.obj (.text:GPIO_setPinConfig)
                  00008697    00000037                        : gpio.obj (.text:GPIO_setQualificationMode)
                  000086ce    00000037                        : interrupt.obj (.text:Interrupt_enable)
                  00008705    00000031                        : gpio.obj (.text:GPIO_setDirectionMode)
                  00008736    00000030     rts2800_fpu32_eabi.lib : copy_decompress_lzss.c.obj (.text:decompress:lzss)
                  00008766    0000002f     driverlib_eabi.lib : adc.obj (.text:ADC_setMode)
                  00008795    0000002b     rts2800_fpu32_eabi.lib : autoinit.c.obj (.text:__TI_auto_init_nobinit_nopinit)
                  000087c0    00000029                            : exit.c.obj (.text)
                  000087e9    00000017     driverlib_eabi.lib : sysctl.obj (.text:CPUTimer_isBaseValid)

.text.2    0    00008800    000001c0     
                  00008800    00000021     driverlib_eabi.lib : sysctl.obj (.text:CPUTimer_selectClockSource)
                  00008821    0000001f                        : sysctl.obj (.text:CPUTimer_getTimerOverflowStatus)
                  00008840    0000001e                        : interrupt.obj (.text:Interrupt_initVectorTable)
                  0000885e    0000001d     rts2800_fpu32_eabi.lib : memcpy.c.obj (.text)
                  0000887b    0000001b     driverlib_eabi.lib : adc.obj (.text:ADC_isBaseValid)
                  00008896    0000001a                        : sysctl.obj (.text:CPUTimer_startTimer)
                  000088b0    0000001a                        : sysctl.obj (.text:SysCtl_getLowSpeedClock)
                  000088ca    00000017     rts2800_fpu32_eabi.lib : boot28.asm.obj (.text)
                  000088e1    00000014     driverlib_eabi.lib : sysctl.obj (.text:CPUTimer_stopTimer)
                  000088f5    00000012                        : sysctl.obj (.text:CPUTimer_clearOverflowFlag)
                  00008907    00000012                        : sysctl.obj (.text:CPUTimer_disableInterrupt)
                  00008919    00000011                        : sysctl.obj (.text:CPUTimer_setPeriod)
                  0000892a    0000000f                        : sysctl.obj (.text:SysCtl_pollCpuTimer)
                  00008939    0000000e                        : gpio.obj (.text:GPIO_isPinValid)
                  00008947    0000000e                        : interrupt.obj (.text:Interrupt_defaultHandler)
                  00008955    0000000d                        : interrupt.obj (.text:Interrupt_disableGlobal)
                  00008962    0000000d                        : interrupt.obj (.text:Interrupt_enableGlobal)
                  0000896f    0000000d     rts2800_fpu32_eabi.lib : copy_zero_init.c.obj (.text:decompress:ZI:__TI_zero_init_nomemset)
                  0000897c    0000000c                            : args_main.c.obj (.text)
                  00008988    0000000b     driverlib_eabi.lib : sysctl.obj (.text:SysCtl_isMCDClockFailureDetected)
                  00008993    00000009                        : sysctl.obj (.text:SysCtl_serviceWatchdog)
                  0000899c    00000009     rts2800_fpu32_eabi.lib : _lock.c.obj (.text)
                  000089a5    00000008     F2837xD_CodeStartBranch.obj (.text)
                  000089ad    00000008     rts2800_fpu32_eabi.lib : copy_decompress_none.c.obj (.text:decompress:none)
                  000089b5    00000007     driverlib_eabi.lib : sysctl.obj (.text:SysCtl_resetMCD)
                  000089bc    00000002                        : interrupt.obj (.text:Interrupt_nmiHandler)
                  000089be    00000002     rts2800_fpu32_eabi.lib : pre_init.c.obj (.text)

.text.3    0    0000b000    00000800     
                  0000b000    00000462     adc_ex12_burst_mode_epwm.obj (.text)
                  0000b462    00000206     driverlib_eabi.lib : sysctl.obj (.text:SysCtl_setClock)
                  0000b668    000000a3     adc_ex12_burst_mode_epwm.obj (.text:retain)
                  0000b70b    0000008a     driverlib_eabi.lib : sysctl.obj (.text:SysCtl_selectXTAL)
                  0000b795    00000068                        : sysctl.obj (.text:SysCtl_getDeviceParametric)
                  0000b7fd    00000002                        : interrupt.obj (.text:Interrupt_illegalOperationHandler)
                  0000b7ff    00000001     rts2800_fpu32_eabi.lib : startup.c.obj (.text)

MODULE SUMMARY

       Module                         code   ro data   rw data
       ------                         ----   -------   -------
    .\
       adc_ex12_burst_mode_epwm.obj   1285   136       5      
    +--+------------------------------+------+---------+---------+
       Total:                         1285   136       5      
                                                              
    .\device\
       device.obj                     1020   19        6      
       F2837xD_CodeStartBranch.obj    10     0         0      
    +--+------------------------------+------+---------+---------+
       Total:                         1030   19        6      
                                                              
    C:\ti\c2000\C2000Ware_5_00_00_00\driverlib\f2837xd\driverlib\ccs\Debug\driverlib_eabi.lib
       sysctl.obj                     1171   194       0      
       gpio.obj                       228    188       0      
       adc.obj                        281    93        0      
       interrupt.obj                  190    0         0      
    +--+------------------------------+------+---------+---------+
       Total:                         1870   475       0      
                                                              
    C:\ti\ccs1250\ccs\tools\compiler\ti-cgt-c2000_22.6.1.LTS\lib\rts2800_fpu32_eabi.lib
       fs_div28.asm.obj               136    0         0      
       copy_decompress_lzss.c.obj     48     0         0      
       exit.c.obj                     41     0         6      
       autoinit.c.obj                 43     0         0      
       memcpy.c.obj                   29     0         0      
       boot28.asm.obj                 23     0         0      
       _lock.c.obj                    9      0         4      
       copy_zero_init.c.obj           13     0         0      
       args_main.c.obj                12     0         0      
       copy_decompress_none.c.obj     8      0         0      
       pre_init.c.obj                 2      0         0      
       startup.c.obj                  1      0         0      
    +--+------------------------------+------+---------+---------+
       Total:                         365    0         10     
                                                              
       Stack:                         0      0         1016   
       Linker Generated:              0      27        0      
    +--+------------------------------+------+---------+---------+
       Grand Total:                   4550   657       1037   


LINKER GENERATED COPY TABLES

__TI_cinit_table @ 0000013c records: 2, size/record: 4, table size: 8
	.data: load addr=00000128, load size=00000009 bytes, run addr=0000aa78, run size=00000010 bytes, compression=lzss
	.bss: load addr=00000138, load size=00000004 bytes, run addr=0000aa88, run size=00000005 bytes, compression=zero_init


LINKER GENERATED HANDLER TABLE

__TI_handler_table @ 00000132 records: 3, size/record: 2, table size: 6
	index: 0, handler: __TI_zero_init
	index: 1, handler: __TI_decompress_lzss
	index: 2, handler: __TI_decompress_none


GLOBAL DATA SYMBOLS: SORTED BY DATA PAGE

address     data page           name
--------    ----------------    ----
00000400      10 (00000400)     __stack

0000aa78     2a9 (0000aa40)     Example_Result
0000aa7a     2a9 (0000aa40)     Example_PassCount
0000aa7c     2a9 (0000aa40)     Example_Fail
0000aa7e     2a9 (0000aa40)     _lock

0000aa80     2aa (0000aa80)     __TI_enable_exit_profile_output
0000aa82     2aa (0000aa80)     __TI_cleanup_ptr
0000aa84     2aa (0000aa80)     __TI_dtors_ptr
0000aa86     2aa (0000aa80)     _unlock
0000aa88     2aa (0000aa80)     adcAResult0
0000aa89     2aa (0000aa80)     adcAResult1
0000aa8a     2aa (0000aa80)     adcAResult2
0000aa8b     2aa (0000aa80)     adcAResult3
0000aa8c     2aa (0000aa80)     adcAResult4


GLOBAL SYMBOLS: SORTED ALPHABETICALLY BY Name 

page  address   name                                     
----  -------   ----                                     
0     00008484  ADC_setINLTrim                           
0     00008766  ADC_setMode                              
0     000084f3  ADC_setOffsetTrim                        
0     000087c0  C$$EXIT                                  
0     00008270  Device_bootCPU2                          
0     0000823f  Device_configureTMXAnalogTrim            
0     000080ed  Device_enableAllPeripherals              
0     00008229  Device_enableUnbondedGPIOPullups         
0     0000820c  Device_enableUnbondedGPIOPullupsFor100Pin
0     000081f9  Device_enableUnbondedGPIOPullupsFor176Pin
0     000080ab  Device_init                              
0     000081d8  Device_initGPIO                          
1     0000aa7c  Example_Fail                             
1     0000aa7a  Example_PassCount                        
1     0000aa78  Example_Result                           
0     000083fb  Example_done                             
0     000083f6  Example_setResultFail                    
0     000083f1  Example_setResultPass                    
0     00008629  GPIO_setControllerCore                   
0     00008705  GPIO_setDirectionMode                    
0     00008660  GPIO_setPinConfig                        
0     00008697  GPIO_setQualificationMode                
0     000086ce  Interrupt_enable                         
0     000085ec  Interrupt_initModule                     
0     00008840  Interrupt_initVectorTable                
0     00000123  SysCtl_delay                             
0     00008553  SysCtl_getClock                          
0     0000b795  SysCtl_getDeviceParametric               
0     000088b0  SysCtl_getLowSpeedClock                  
0     000085a4  SysCtl_selectOscSource                   
0     0000b70b  SysCtl_selectXTAL                        
0     0000b462  SysCtl_setClock                          
0     0000013c  __TI_CINIT_Base                          
0     00000144  __TI_CINIT_Limit                         
0     00000144  __TI_CINIT_Warm                          
0     00000132  __TI_Handler_Table_Base                  
0     00000138  __TI_Handler_Table_Limit                 
1     000007f8  __TI_STACK_END                           
abs   000003f8  __TI_STACK_SIZE                          
0     00008795  __TI_auto_init_nobinit_nopinit           
1     0000aa82  __TI_cleanup_ptr                         
0     00008736  __TI_decompress_lzss                     
0     000089ad  __TI_decompress_none                     
1     0000aa84  __TI_dtors_ptr                           
1     0000aa80  __TI_enable_exit_profile_output          
abs   ffffffff  __TI_pprof_out_hndl                      
abs   ffffffff  __TI_prof_data_size                      
abs   ffffffff  __TI_prof_data_start                     
0     0000896f  __TI_zero_init_nomemset                  
0     000083fc  __c28xabi_divf                           
n/a   UNDEFED   __c_args__                               
0     000083ea  __error__                                
1     00000400  __stack                                  
0     0000897c  _args_main                               
0     000088ca  _c_int00                                 
1     0000aa7e  _lock                                    
0     000089a4  _nop                                     
0     000089a0  _register_lock                           
0     0000899c  _register_unlock                         
0     0000b7ff  _system_post_cinit                       
0     000089be  _system_pre_init                         
1     0000aa86  _unlock                                  
0     000087c0  abort                                    
0     0000b668  adcABurstISR                             
1     0000aa88  adcAResult0                              
1     0000aa89  adcAResult1                              
1     0000aa8a  adcAResult2                              
1     0000aa8b  adcAResult3                              
1     0000aa8c  adcAResult4                              
0     00000000  code_start                               
0     0000b384  configureADC                             
0     000087c2  exit                                     
0     0000b3c6  initADCSOC                               
0     0000b39c  initEPWM                                 
0     0000b342  main                                     
0     0000885e  memcpy                                   


GLOBAL SYMBOLS: SORTED BY Symbol Address 

page  address   name                                     
----  -------   ----                                     
0     00000000  code_start                               
0     00000123  SysCtl_delay                             
0     00000132  __TI_Handler_Table_Base                  
0     00000138  __TI_Handler_Table_Limit                 
0     0000013c  __TI_CINIT_Base                          
0     00000144  __TI_CINIT_Limit                         
0     00000144  __TI_CINIT_Warm                          
0     000080ab  Device_init                              
0     000080ed  Device_enableAllPeripherals              
0     000081d8  Device_initGPIO                          
0     000081f9  Device_enableUnbondedGPIOPullupsFor176Pin
0     0000820c  Device_enableUnbondedGPIOPullupsFor100Pin
0     00008229  Device_enableUnbondedGPIOPullups         
0     0000823f  Device_configureTMXAnalogTrim            
0     00008270  Device_bootCPU2                          
0     000083ea  __error__                                
0     000083f1  Example_setResultPass                    
0     000083f6  Example_setResultFail                    
0     000083fb  Example_done                             
0     000083fc  __c28xabi_divf                           
0     00008484  ADC_setINLTrim                           
0     000084f3  ADC_setOffsetTrim                        
0     00008553  SysCtl_getClock                          
0     000085a4  SysCtl_selectOscSource                   
0     000085ec  Interrupt_initModule                     
0     00008629  GPIO_setControllerCore                   
0     00008660  GPIO_setPinConfig                        
0     00008697  GPIO_setQualificationMode                
0     000086ce  Interrupt_enable                         
0     00008705  GPIO_setDirectionMode                    
0     00008736  __TI_decompress_lzss                     
0     00008766  ADC_setMode                              
0     00008795  __TI_auto_init_nobinit_nopinit           
0     000087c0  C$$EXIT                                  
0     000087c0  abort                                    
0     000087c2  exit                                     
0     00008840  Interrupt_initVectorTable                
0     0000885e  memcpy                                   
0     000088b0  SysCtl_getLowSpeedClock                  
0     000088ca  _c_int00                                 
0     0000896f  __TI_zero_init_nomemset                  
0     0000897c  _args_main                               
0     0000899c  _register_unlock                         
0     000089a0  _register_lock                           
0     000089a4  _nop                                     
0     000089ad  __TI_decompress_none                     
0     000089be  _system_pre_init                         
0     0000b342  main                                     
0     0000b384  configureADC                             
0     0000b39c  initEPWM                                 
0     0000b3c6  initADCSOC                               
0     0000b462  SysCtl_setClock                          
0     0000b668  adcABurstISR                             
0     0000b70b  SysCtl_selectXTAL                        
0     0000b795  SysCtl_getDeviceParametric               
0     0000b7ff  _system_post_cinit                       
1     00000400  __stack                                  
1     000007f8  __TI_STACK_END                           
1     0000aa78  Example_Result                           
1     0000aa7a  Example_PassCount                        
1     0000aa7c  Example_Fail                             
1     0000aa7e  _lock                                    
1     0000aa80  __TI_enable_exit_profile_output          
1     0000aa82  __TI_cleanup_ptr                         
1     0000aa84  __TI_dtors_ptr                           
1     0000aa86  _unlock                                  
1     0000aa88  adcAResult0                              
1     0000aa89  adcAResult1                              
1     0000aa8a  adcAResult2                              
1     0000aa8b  adcAResult3                              
1     0000aa8c  adcAResult4                              
abs   000003f8  __TI_STACK_SIZE                          
abs   ffffffff  __TI_pprof_out_hndl                      
abs   ffffffff  __TI_prof_data_size                      
abs   ffffffff  __TI_prof_data_start                     
n/a   UNDEFED   __c_args__                               

[76 symbols]
