******************************************************************************
             TMS320C2000 Linker PC v22.6.1                     
******************************************************************************
>> Linked Wed Oct 25 16:13:38 2023

OUTPUT FILE NAME:   <epwm_ex11_configure_signal.out>
ENTRY POINT SYMBOL: "code_start"  address: 00000000


MEMORY CONFIGURATION

         name            origin    length      used     unused   attr    fill
----------------------  --------  ---------  --------  --------  ----  --------
PAGE 0:
  BEGIN                 00000000   00000002  00000002  00000000  RWIX
  RAMM0                 00000123   000002dd  00000022  000002bb  RWIX
  RAMLS0                00008000   00000800  00000800  00000000  RWIX
  RAMLS1                00008800   00000800  000005d1  0000022f  RWIX
  RAMLS2                00009000   00000800  00000000  00000800  RWIX
  RAMLS3                00009800   00000800  00000000  00000800  RWIX
  RAMLS4                0000a000   00000800  00000000  00000800  RWIX
  RAMD0                 0000b000   00000800  00000800  00000000  RWIX
  FLASHA                00080002   00001ffe  00000000  00001ffe  RWIX
  FLASHB                00082000   00002000  00000000  00002000  RWIX
  FLASHC                00084000   00002000  00000000  00002000  RWIX
  FLASHD                00086000   00002000  00000000  00002000  RWIX
  FLASHE                00088000   00008000  00000000  00008000  RWIX
  FLASHF                00090000   00008000  00000000  00008000  RWIX
  FLASHG                00098000   00008000  00000000  00008000  RWIX
  FLASHH                000a0000   00008000  00000000  00008000  RWIX
  FLASHI                000a8000   00008000  00000000  00008000  RWIX
  FLASHJ                000b0000   00008000  00000000  00008000  RWIX
  FLASHK                000b8000   00002000  00000000  00002000  RWIX
  FLASHL                000ba000   00002000  00000000  00002000  RWIX
  FLASHM                000bc000   00002000  00000000  00002000  RWIX
  FLASHN                000be000   00001ff0  00000000  00001ff0  RWIX
  RESET                 003fffc0   00000002  00000000  00000002  RWIX

PAGE 1:
  BOOT_RSVD             00000002   00000121  00000000  00000121  RWIX
  RAMM1                 00000400   000003f8  000003f8  00000000  RWIX
  RAMLS5                0000a800   00000800  000002f3  0000050d  RWIX
  RAMD1                 0000b800   00000800  00000000  00000800  RWIX
  RAMGS0                0000c000   00001000  00000000  00001000  RWIX
  RAMGS1                0000d000   00001000  00000000  00001000  RWIX
  RAMGS2                0000e000   00001000  00000000  00001000  RWIX
  RAMGS3                0000f000   00001000  00000000  00001000  RWIX
  RAMGS4                00010000   00001000  00000000  00001000  RWIX
  RAMGS5                00011000   00001000  00000000  00001000  RWIX
  RAMGS6                00012000   00001000  00000000  00001000  RWIX
  RAMGS7                00013000   00001000  00000000  00001000  RWIX
  RAMGS8                00014000   00001000  00000000  00001000  RWIX
  RAMGS9                00015000   00001000  00000000  00001000  RWIX
  RAMGS10               00016000   00001000  00000000  00001000  RWIX
  RAMGS11               00017000   00001000  00000000  00001000  RWIX
  RAMGS12               00018000   00001000  00000000  00001000  RWIX
  RAMGS13               00019000   00001000  00000000  00001000  RWIX
  RAMGS14               0001a000   00001000  00000000  00001000  RWIX
  RAMGS15               0001b000   00000ff8  00000000  00000ff8  RWIX
  CPU2TOCPU1RAM         0003f800   00000400  00000000  00000400  RWIX
  CPU1TOCPU2RAM         0003fc00   00000400  00000000  00000400  RWIX
  CANA_MSG_RAM          00049000   00000800  00000000  00000800  RWIX
  CANB_MSG_RAM          0004b000   00000800  00000000  00000800  RWIX


SECTION ALLOCATION MAP

 output                                  attributes/
section   page    origin      length       input sections
--------  ----  ----------  ----------   ----------------
codestart 
*          0    00000000    00000002     
                  00000000    00000002     F2837xD_CodeStartBranch.obj (codestart)

.cinit     0    00000128    0000001e     
                  00000128    00000016     (.cinit..data.load) [load image, compression = lzss]
                  0000013e    00000004     (__TI_handler_table)
                  00000142    00000004     (__TI_cinit_table)

.reset     0    003fffc0    00000000     DSECT

.stack     1    00000400    000003f8     UNINITIALIZED
                  00000400    000003f8     --HOLE--

.init_array 
*          0    00000123    00000000     UNINITIALIZED

.const     1    0000a800    000002d5     
                  0000a800    000000c2     driverlib_eabi.lib : sysctl.obj (.const:.string)
                  0000a8c2    000000bc                        : epwm.obj (.const:.string)
                  0000a97e    000000bc                        : gpio.obj (.const:.string)
                  0000aa3a    00000044     board.obj (.const:.string)
                  0000aa7e    00000044     epwm_ex11_configure_signal.obj (.const:.string)
                  0000aac2    00000013     device.obj (.const:.string)

.data      1    0000aad6    0000001e     UNINITIALIZED
                  0000aad6    0000000e     epwm_ex11_configure_signal.obj (.data)
                  0000aae4    00000006     device.obj (.data)
                  0000aaea    00000006     rts2800_fpu32_eabi.lib : exit.c.obj (.data)
                  0000aaf0    00000002                            : _lock.c.obj (.data:_lock)
                  0000aaf2    00000002                            : _lock.c.obj (.data:_unlock)

.TI.ramfunc 
*          0    00000123    00000004     
                  00000123    00000004     driverlib_eabi.lib : sysctl.obj (.TI.ramfunc)

GETBUFFER 
*          0    0003f800    00000000     DSECT

GETWRITEIDX 
*          0    0003f800    00000000     DSECT

PUTREADIDX 
*          0    0003f800    00000000     DSECT

.text.1    0    00008000    00000800     
                  00008000    000003fc     device.obj (.text)
                  000083fc    00000206     driverlib_eabi.lib : sysctl.obj (.text:SysCtl_setClock)
                  00008602    00000198     epwm_ex11_configure_signal.obj (.text)
                  0000879a    00000052     driverlib_eabi.lib : gpio.obj (.text:GPIO_setPadConfig)
                  000087ec    00000014                        : sysctl.obj (.text:CPUTimer_stopTimer)

.text.2    0    00008800    000005d1     
                  00008800    00000068     driverlib_eabi.lib : sysctl.obj (.text:SysCtl_getDeviceParametric)
                  00008868    00000051                        : sysctl.obj (.text:SysCtl_getClock)
                  000088b9    00000048                        : sysctl.obj (.text:SysCtl_selectOscSource)
                  00008901    00000040                        : epwm.obj (.text:EPWM_setActionQualifierAction)
                  00008941    0000003e                        : epwm.obj (.text:EPWM_setCounterCompareShadowLoadMode)
                  0000897f    0000003d                        : interrupt.obj (.text:Interrupt_initModule)
                  000089bc    0000003b                        : epwm.obj (.text:EPWM_isBaseValid)
                  000089f7    00000037                        : gpio.obj (.text:GPIO_setControllerCore)
                  00008a2e    00000037                        : gpio.obj (.text:GPIO_setPinConfig)
                  00008a65    00000037                        : gpio.obj (.text:GPIO_setQualificationMode)
                  00008a9c    00000037                        : interrupt.obj (.text:Interrupt_enable)
                  00008ad3    00000031                        : gpio.obj (.text:GPIO_setDirectionMode)
                  00008b04    00000030     rts2800_fpu32_eabi.lib : copy_decompress_lzss.c.obj (.text:decompress:lzss)
                  00008b34    0000002b                            : autoinit.c.obj (.text:__TI_auto_init_nobinit_nopinit)
                  00008b5f    00000029                            : exit.c.obj (.text)
                  00008b88    00000022     driverlib_eabi.lib : epwm.obj (.text:EPWM_setCounterCompareValue)
                  00008baa    00000021                        : sysctl.obj (.text:CPUTimer_selectClockSource)
                  00008bcb    0000001f                        : sysctl.obj (.text:CPUTimer_getTimerOverflowStatus)
                  00008bea    0000001e                        : interrupt.obj (.text:Interrupt_initVectorTable)
                  00008c08    0000001d     rts2800_fpu32_eabi.lib : memcpy.c.obj (.text)
                  00008c25    0000001c     driverlib_eabi.lib : epwm.obj (.text:EPWM_setClockPrescaler)
                  00008c41    0000001a                        : sysctl.obj (.text:CPUTimer_startTimer)
                  00008c5b    0000001a                        : sysctl.obj (.text:SysCtl_getLowSpeedClock)
                  00008c75    00000017                        : sysctl.obj (.text:CPUTimer_isBaseValid)
                  00008c8c    00000017     rts2800_fpu32_eabi.lib : boot28.asm.obj (.text)
                  00008ca3    00000016     driverlib_eabi.lib : epwm.obj (.text:EPWM_setEmulationMode)
                  00008cb9    00000014                        : epwm.obj (.text:EPWM_setTimeBaseCounterMode)
                  00008ccd    00000014                        : epwm.obj (.text:EPWM_setTimeBasePeriod)
                  00008ce1    00000012                        : sysctl.obj (.text:CPUTimer_clearOverflowFlag)
                  00008cf3    00000012                        : sysctl.obj (.text:CPUTimer_disableInterrupt)
                  00008d05    00000012                        : epwm.obj (.text:EPWM_setTimeBaseCounter)
                  00008d17    00000011                        : sysctl.obj (.text:CPUTimer_setPeriod)
                  00008d28    00000011                        : epwm.obj (.text:EPWM_disablePhaseShiftLoad)
                  00008d39    0000000f                        : sysctl.obj (.text:SysCtl_pollCpuTimer)
                  00008d48    0000000e                        : gpio.obj (.text:GPIO_isPinValid)
                  00008d56    0000000e                        : interrupt.obj (.text:Interrupt_defaultHandler)
                  00008d64    0000000d                        : interrupt.obj (.text:Interrupt_disableGlobal)
                  00008d71    0000000d                        : interrupt.obj (.text:Interrupt_enableGlobal)
                  00008d7e    0000000c                        : epwm.obj (.text:SysCtl_setEPWMClockDivider)
                  00008d8a    0000000c     rts2800_fpu32_eabi.lib : args_main.c.obj (.text)
                  00008d96    0000000b     driverlib_eabi.lib : sysctl.obj (.text:SysCtl_isMCDClockFailureDetected)
                  00008da1    00000009                        : sysctl.obj (.text:SysCtl_serviceWatchdog)
                  00008daa    00000009     rts2800_fpu32_eabi.lib : _lock.c.obj (.text)
                  00008db3    00000008     F2837xD_CodeStartBranch.obj (.text)
                  00008dbb    00000008     rts2800_fpu32_eabi.lib : copy_decompress_none.c.obj (.text:decompress:none)
                  00008dc3    00000007     driverlib_eabi.lib : sysctl.obj (.text:SysCtl_resetMCD)
                  00008dca    00000002                        : interrupt.obj (.text:Interrupt_illegalOperationHandler)
                  00008dcc    00000002                        : interrupt.obj (.text:Interrupt_nmiHandler)
                  00008dce    00000002     rts2800_fpu32_eabi.lib : pre_init.c.obj (.text)
                  00008dd0    00000001                            : startup.c.obj (.text)

.text.3    0    0000b000    00000800     
                  0000b000    000004be     board.obj (.text)
                  0000b4be    00000212     driverlib_eabi.lib : epwm.obj (.text:EPWM_configureSignal)
                  0000b6d0    0000008a                        : sysctl.obj (.text:SysCtl_selectXTAL)
                  0000b75a    00000088     rts2800_fpu32_eabi.lib : fs_div28.asm.obj (.text)
                  0000b7e2    0000001e     driverlib_eabi.lib : epwm.obj (.text:EPWM_setPhaseShift)

MODULE SUMMARY

       Module                           code   ro data   rw data
       ------                           ----   -------   -------
    .\
       epwm_ex11_configure_signal.obj   408    68        14     
    +--+--------------------------------+------+---------+---------+
       Total:                           408    68        14     
                                                                
    .\device\
       device.obj                       1020   19        6      
       F2837xD_CodeStartBranch.obj      10     0         0      
    +--+--------------------------------+------+---------+---------+
       Total:                           1030   19        6      
                                                                
    .\syscfg\
       board.obj                        1214   68        0      
    +--+--------------------------------+------+---------+---------+
       Total:                           1214   68        0      
                                                                
    C:\ti\c2000\C2000Ware_5_00_00_00\driverlib\f2837xd\driverlib\ccs\Debug\driverlib_eabi.lib
       sysctl.obj                       1171   194       0      
       epwm.obj                         916    188       0      
       gpio.obj                         310    188       0      
       interrupt.obj                    190    0         0      
    +--+--------------------------------+------+---------+---------+
       Total:                           2587   570       0      
                                                                
    C:\ti\ccs1250\ccs\tools\compiler\ti-cgt-c2000_22.6.1.LTS\lib\rts2800_fpu32_eabi.lib
       fs_div28.asm.obj                 136    0         0      
       copy_decompress_lzss.c.obj       48     0         0      
       exit.c.obj                       41     0         6      
       autoinit.c.obj                   43     0         0      
       memcpy.c.obj                     29     0         0      
       boot28.asm.obj                   23     0         0      
       _lock.c.obj                      9      0         4      
       args_main.c.obj                  12     0         0      
       copy_decompress_none.c.obj       8      0         0      
       pre_init.c.obj                   2      0         0      
       startup.c.obj                    1      0         0      
    +--+--------------------------------+------+---------+---------+
       Total:                           352    0         10     
                                                                
       Stack:                           0      0         1016   
       Linker Generated:                0      30        0      
    +--+--------------------------------+------+---------+---------+
       Grand Total:                     5591   755       1046   


LINKER GENERATED COPY TABLES

__TI_cinit_table @ 00000142 records: 1, size/record: 4, table size: 4
	.data: load addr=00000128, load size=00000016 bytes, run addr=0000aad6, run size=0000001e bytes, compression=lzss


LINKER GENERATED HANDLER TABLE

__TI_handler_table @ 0000013e records: 2, size/record: 2, table size: 4
	index: 0, handler: __TI_decompress_lzss
	index: 1, handler: __TI_decompress_none


GLOBAL DATA SYMBOLS: SORTED BY DATA PAGE

address     data page           name
--------    ----------------    ----
00000400      10 (00000400)     __stack

0000aad6     2ab (0000aac0)     pwmSignal
0000aae4     2ab (0000aac0)     Example_Result
0000aae6     2ab (0000aac0)     Example_PassCount
0000aae8     2ab (0000aac0)     Example_Fail
0000aaea     2ab (0000aac0)     __TI_enable_exit_profile_output
0000aaec     2ab (0000aac0)     __TI_cleanup_ptr
0000aaee     2ab (0000aac0)     __TI_dtors_ptr
0000aaf0     2ab (0000aac0)     _lock
0000aaf2     2ab (0000aac0)     _unlock


GLOBAL SYMBOLS: SORTED ALPHABETICALLY BY Name 

page  address   name                                     
----  -------   ----                                     
0     0000b242  Board_init                               
0     00008b5f  C$$EXIT                                  
0     00008270  Device_bootCPU2                          
0     0000823f  Device_configureTMXAnalogTrim            
0     000080ed  Device_enableAllPeripherals              
0     00008229  Device_enableUnbondedGPIOPullups         
0     0000820c  Device_enableUnbondedGPIOPullupsFor100Pin
0     000081f9  Device_enableUnbondedGPIOPullupsFor176Pin
0     000080ab  Device_init                              
0     000081d8  Device_initGPIO                          
0     0000b4be  EPWM_configureSignal                     
0     0000b2a1  EPWM_init                                
0     00008ca3  EPWM_setEmulationMode                    
1     0000aae8  Example_Fail                             
1     0000aae6  Example_PassCount                        
1     0000aae4  Example_Result                           
0     000083fb  Example_done                             
0     000083f6  Example_setResultFail                    
0     000083f1  Example_setResultPass                    
0     000089f7  GPIO_setControllerCore                   
0     00008ad3  GPIO_setDirectionMode                    
0     0000879a  GPIO_setPadConfig                        
0     00008a2e  GPIO_setPinConfig                        
0     00008a65  GPIO_setQualificationMode                
0     00008a9c  Interrupt_enable                         
0     0000897f  Interrupt_initModule                     
0     00008bea  Interrupt_initVectorTable                
0     0000b24b  PinMux_init                              
0     0000b4a0  SYNC_init                                
0     00000123  SysCtl_delay                             
0     00008868  SysCtl_getClock                          
0     00008800  SysCtl_getDeviceParametric               
0     00008c5b  SysCtl_getLowSpeedClock                  
0     000088b9  SysCtl_selectOscSource                   
0     0000b6d0  SysCtl_selectXTAL                        
0     000083fc  SysCtl_setClock                          
0     00000142  __TI_CINIT_Base                          
0     00000146  __TI_CINIT_Limit                         
0     00000146  __TI_CINIT_Warm                          
0     0000013e  __TI_Handler_Table_Base                  
0     00000142  __TI_Handler_Table_Limit                 
1     000007f8  __TI_STACK_END                           
abs   000003f8  __TI_STACK_SIZE                          
0     00008b34  __TI_auto_init_nobinit_nopinit           
1     0000aaec  __TI_cleanup_ptr                         
0     00008b04  __TI_decompress_lzss                     
0     00008dbb  __TI_decompress_none                     
1     0000aaee  __TI_dtors_ptr                           
1     0000aaea  __TI_enable_exit_profile_output          
abs   ffffffff  __TI_pprof_out_hndl                      
abs   ffffffff  __TI_prof_data_size                      
abs   ffffffff  __TI_prof_data_start                     
0     0000b75a  __c28xabi_divf                           
n/a   UNDEFED   __c_args__                               
0     000083ea  __error__                                
1     00000400  __stack                                  
0     00008d8a  _args_main                               
0     00008c8c  _c_int00                                 
1     0000aaf0  _lock                                    
0     00008db2  _nop                                     
0     00008dae  _register_lock                           
0     00008daa  _register_unlock                         
0     00008dd0  _system_post_cinit                       
0     00008dce  _system_pre_init                         
1     0000aaf2  _unlock                                  
0     00008b5f  abort                                    
0     00000000  code_start                               
0     00008762  configurePhase                           
0     00008b61  exit                                     
0     0000870e  main                                     
0     00008c08  memcpy                                   
1     0000aad6  pwmSignal                                


GLOBAL SYMBOLS: SORTED BY Symbol Address 

page  address   name                                     
----  -------   ----                                     
0     00000000  code_start                               
0     00000123  SysCtl_delay                             
0     0000013e  __TI_Handler_Table_Base                  
0     00000142  __TI_CINIT_Base                          
0     00000142  __TI_Handler_Table_Limit                 
0     00000146  __TI_CINIT_Limit                         
0     00000146  __TI_CINIT_Warm                          
0     000080ab  Device_init                              
0     000080ed  Device_enableAllPeripherals              
0     000081d8  Device_initGPIO                          
0     000081f9  Device_enableUnbondedGPIOPullupsFor176Pin
0     0000820c  Device_enableUnbondedGPIOPullupsFor100Pin
0     00008229  Device_enableUnbondedGPIOPullups         
0     0000823f  Device_configureTMXAnalogTrim            
0     00008270  Device_bootCPU2                          
0     000083ea  __error__                                
0     000083f1  Example_setResultPass                    
0     000083f6  Example_setResultFail                    
0     000083fb  Example_done                             
0     000083fc  SysCtl_setClock                          
0     0000870e  main                                     
0     00008762  configurePhase                           
0     0000879a  GPIO_setPadConfig                        
0     00008800  SysCtl_getDeviceParametric               
0     00008868  SysCtl_getClock                          
0     000088b9  SysCtl_selectOscSource                   
0     0000897f  Interrupt_initModule                     
0     000089f7  GPIO_setControllerCore                   
0     00008a2e  GPIO_setPinConfig                        
0     00008a65  GPIO_setQualificationMode                
0     00008a9c  Interrupt_enable                         
0     00008ad3  GPIO_setDirectionMode                    
0     00008b04  __TI_decompress_lzss                     
0     00008b34  __TI_auto_init_nobinit_nopinit           
0     00008b5f  C$$EXIT                                  
0     00008b5f  abort                                    
0     00008b61  exit                                     
0     00008bea  Interrupt_initVectorTable                
0     00008c08  memcpy                                   
0     00008c5b  SysCtl_getLowSpeedClock                  
0     00008c8c  _c_int00                                 
0     00008ca3  EPWM_setEmulationMode                    
0     00008d8a  _args_main                               
0     00008daa  _register_unlock                         
0     00008dae  _register_lock                           
0     00008db2  _nop                                     
0     00008dbb  __TI_decompress_none                     
0     00008dce  _system_pre_init                         
0     00008dd0  _system_post_cinit                       
0     0000b242  Board_init                               
0     0000b24b  PinMux_init                              
0     0000b2a1  EPWM_init                                
0     0000b4a0  SYNC_init                                
0     0000b4be  EPWM_configureSignal                     
0     0000b6d0  SysCtl_selectXTAL                        
0     0000b75a  __c28xabi_divf                           
1     00000400  __stack                                  
1     000007f8  __TI_STACK_END                           
1     0000aad6  pwmSignal                                
1     0000aae4  Example_Result                           
1     0000aae6  Example_PassCount                        
1     0000aae8  Example_Fail                             
1     0000aaea  __TI_enable_exit_profile_output          
1     0000aaec  __TI_cleanup_ptr                         
1     0000aaee  __TI_dtors_ptr                           
1     0000aaf0  _lock                                    
1     0000aaf2  _unlock                                  
abs   000003f8  __TI_STACK_SIZE                          
abs   ffffffff  __TI_pprof_out_hndl                      
abs   ffffffff  __TI_prof_data_size                      
abs   ffffffff  __TI_prof_data_start                     
n/a   UNDEFED   __c_args__                               

[72 symbols]
